2026-08-26T09:19:21.496Z ::1 GET /health 200 5ms
2026-08-26T09:20:24.020Z EVENT_ROUTE role=attendee GET /api/events
2026-08-26T09:20:24.025Z ::1 GET /api/events 401 5ms
2026-08-26T09:26:12.394Z ::1 GET /health 200 3ms
2026-08-26T09:34:59.496Z ::1 POST /api/auth/login 200 23ms
2026-08-26T09:58:55.217Z ::1 POST /api/auth/login 200 6ms
2026-08-26T10:00:20.756Z ::1 GET /api/analytics/dashboard 401 4ms
2026-08-26T10:00:20.970Z ::1 GET /api/analytics/dashboard 401 2ms
2026-08-26T10:00:21.200Z ::1 GET /api/analytics/dashboard 401 2ms
2026-08-26T10:00:21.423Z ::1 GET /api/analytics/dashboard 401 2ms
2026-08-26T10:00:21.668Z ::1 GET /api/analytics/dashboard 401 4ms
2026-08-26T10:00:21.917Z ::1 GET /api/analytics/dashboard 401 3ms
2026-08-26T10:00:22.149Z ::1 GET /api/analytics/dashboard 401 3ms
2026-08-26T10:00:22.377Z ::1 GET /api/analytics/dashboard 401 3ms
2026-08-26T10:00:22.602Z ::1 GET /api/analytics/dashboard 401 3ms
2026-08-26T10:00:22.848Z ::1 GET /api/analytics/dashboard 401 4ms
2026-08-26T10:00:23.073Z ::1 GET /api/analytics/dashboard 401 1ms
2026-08-26T10:00:23.311Z ::1 GET /api/analytics/dashboard 401 3ms
2026-08-26T10:00:23.553Z ::1 GET /api/analytics/dashboard 401 2ms
2026-08-26T10:00:23.795Z ::1 GET /api/analytics/dashboard 401 4ms
2026-08-26T10:00:24.032Z ::1 GET /api/analytics/dashboard 401 3ms
2026-08-26T10:00:24.275Z ::1 GET /api/analytics/dashboard 401 1ms
2026-08-26T10:00:24.539Z ::1 GET /api/analytics/dashboard 401 2ms
2026-08-26T10:00:24.771Z ::1 GET /api/analytics/dashboard 401 1ms
2026-08-26T10:00:43.183Z ::1 GET /api/analytics/dashboard 401 6ms
2026-08-26T10:01:07.374Z ::1 POST /api/auth/login 200 2ms
2026-08-26T10:01:07.392Z ::1 GET /api/analytics/dashboard 401 3ms
2026-08-26T10:01:07.557Z ::1 GET /api/analytics/dashboard 401 3ms
2026-08-26T10:02:20.644Z ::1 GET /api/analytics/dashboard 401 1ms
2026-08-26T10:02:20.874Z ::1 GET /api/analytics/dashboard 401 2ms
2026-08-26T10:02:21.088Z ::1 GET /api/analytics/dashboard 401 1ms
2026-08-26T10:02:21.330Z ::1 GET /api/analytics/dashboard 401 1ms
2026-08-26T10:02:21.560Z ::1 GET /api/analytics/dashboard 401 3ms
2026-08-26T10:03:08.622Z ::1 GET /api/analytics/dashboard 401 6ms
2026-08-26T10:03:58.436Z ::1 GET /api/analytics/dashboard 401 1ms
2026-08-26T10:03:58.655Z ::1 GET /api/analytics/dashboard 401 1ms
2026-08-26T10:03:58.874Z ::1 GET /api/analytics/dashboard 401 1ms
2026-08-26T10:03:59.105Z ::1 GET /api/analytics/dashboard 401 2ms
2026-08-26T10:03:59.343Z ::1 GET /api/analytics/dashboard 401 4ms
2026-08-26T10:03:59.605Z ::1 GET /api/analytics/dashboard 401 3ms
2026-08-26T10:03:59.853Z ::1 GET /api/analytics/dashboard 401 2ms
2026-08-26T10:04:00.113Z ::1 GET /api/analytics/dashboard 401 3ms
2026-08-26T10:04:00.346Z ::1 GET /api/analytics/dashboard 401 1ms
2026-08-26T10:04:00.590Z ::1 GET /api/analytics/dashboard 401 3ms
2026-08-26T10:04:00.829Z ::1 GET /api/analytics/dashboard 401 3ms
2026-08-26T10:04:01.073Z ::1 GET /api/analytics/dashboard 401 3ms
2026-08-26T10:04:01.312Z ::1 GET /api/analytics/dashboard 401 2ms
2026-08-26T10:05:32.145Z ::1 GET /api/analytics/dashboard 401 5ms
2026-08-26T10:05:32.348Z ::1 GET /api/analytics/dashboard 401 4ms
2026-08-26T10:05:32.522Z ::1 GET /api/analytics/dashboard 401 3ms
2026-08-26T10:06:01.746Z ::1 GET /api/analytics/dashboard 401 2ms
2026-08-26T10:06:02.018Z ::1 GET /api/analytics/dashboard 401 3ms
2026-08-26T10:06:02.298Z ::1 GET /api/analytics/dashboard 401 1ms
2026-08-26T10:06:02.533Z ::1 GET /api/analytics/dashboard 401 3ms
2026-08-26T10:06:02.800Z ::1 GET /api/analytics/dashboard 401 3ms
2026-08-26T10:06:03.018Z ::1 GET /api/analytics/dashboard 401 3ms
2026-08-26T10:07:50.505Z ::1 GET /api/analytics/dashboard 401 4ms
2026-08-26T10:07:50.719Z ::1 GET /api/analytics/dashboard 401 2ms
2026-08-26T10:07:50.901Z ::1 GET /api/analytics/dashboard 401 9ms
2026-08-26T10:08:01.440Z ::1 GET /api/analytics/dashboard 401 5ms
2026-08-26T10:08:01.661Z ::1 GET /api/analytics/dashboard 401 2ms
2026-08-26T10:08:01.834Z ::1 GET /api/analytics/dashboard 401 2ms
2026-08-26T10:09:23.467Z ::1 GET /api/analytics/dashboard 401 2ms
2026-08-26T10:09:23.713Z ::1 GET /api/analytics/dashboard 401 2ms
2026-08-26T10:09:23.933Z ::1 GET /api/analytics/dashboard 401 1ms
2026-08-26T10:09:24.166Z ::1 GET /api/analytics/dashboard 401 3ms
2026-08-26T10:09:24.401Z ::1 GET /api/analytics/dashboard 401 4ms
2026-08-26T10:09:24.683Z ::1 GET /api/analytics/dashboard 401 3ms
2026-08-26T10:09:24.977Z ::1 GET /api/analytics/dashboard 401 4ms
2026-08-26T10:09:25.213Z ::1 GET /api/analytics/dashboard 401 3ms
2026-08-26T10:09:25.468Z ::1 GET /api/analytics/dashboard 401 1ms
2026-08-26T10:09:25.684Z ::1 GET /api/analytics/dashboard 401 2ms
2026-08-26T10:09:25.913Z ::1 GET /api/analytics/dashboard 401 4ms
2026-08-26T10:09:26.149Z ::1 GET /api/analytics/dashboard 401 3ms
2026-08-26T10:09:26.428Z ::1 GET /api/analytics/dashboard 401 3ms
2026-08-26T10:09:26.671Z ::1 GET /api/analytics/dashboard 401 2ms
2026-08-26T10:09:26.893Z ::1 GET /api/analytics/dashboard 401 4ms
2026-08-26T10:09:27.126Z ::1 GET /api/analytics/dashboard 401 3ms
2026-08-26T10:09:27.351Z ::1 GET /api/analytics/dashboard 401 3ms
2026-08-26T10:09:27.614Z ::1 GET /api/analytics/dashboard 401 3ms
2026-08-26T10:09:27.863Z ::1 GET /api/analytics/dashboard 401 1ms
2026-08-26T10:11:12.880Z ::1 GET /api/analytics/dashboard 401 2ms
2026-08-26T10:11:13.084Z ::1 GET /api/analytics/dashboard 401 2ms
2026-08-26T10:11:13.286Z ::1 GET /api/analytics/dashboard 401 1ms
2026-08-26T10:11:13.480Z ::1 GET /api/analytics/dashboard 401 2ms
2026-08-26T10:14:07.171Z ::1 GET /api/analytics/dashboard 401 2ms
2026-08-26T10:14:07.390Z ::1 GET /api/analytics/dashboard 401 1ms
2026-08-26T10:14:07.621Z ::1 GET /api/analytics/dashboard 401 1ms
2026-08-26T10:14:07.879Z ::1 GET /api/analytics/dashboard 401 2ms
2026-08-26T10:14:08.177Z ::1 GET /api/analytics/dashboard 401 3ms
2026-08-26T10:14:08.417Z ::1 GET /api/analytics/dashboard 401 1ms
2026-08-26T10:14:08.644Z ::1 GET /api/analytics/dashboard 401 2ms
2026-08-26T10:16:00.288Z ::1 GET /api/analytics/dashboard 401 2ms
2026-08-26T10:16:00.525Z ::1 GET /api/analytics/dashboard 401 2ms
2026-08-26T10:16:00.738Z ::1 GET /api/analytics/dashboard 401 2ms
2026-08-26T10:16:00.951Z ::1 GET /api/analytics/dashboard 401 1ms
2026-08-26T10:16:01.187Z ::1 GET /api/analytics/dashboard 401 3ms
2026-08-26T10:16:01.432Z ::1 GET /api/analytics/dashboard 401 4ms
2026-08-26T10:16:01.716Z ::1 GET /api/analytics/dashboard 401 3ms
2026-08-26T10:16:01.971Z ::1 GET /api/analytics/dashboard 401 2ms
2026-08-26T10:16:02.263Z ::1 GET /api/analytics/dashboard 401 3ms
2026-08-26T10:16:02.510Z ::1 GET /api/analytics/dashboard 401 3ms
2026-08-26T10:16:02.737Z ::1 GET /api/analytics/dashboard 401 4ms
2026-08-26T10:16:02.968Z ::1 GET /api/analytics/dashboard 401 3ms
2026-08-26T10:16:03.219Z ::1 GET /api/analytics/dashboard 401 4ms
2026-08-26T10:16:03.448Z ::1 GET /api/analytics/dashboard 401 1ms
2026-08-26T10:16:03.663Z ::1 GET /api/analytics/dashboard 401 3ms
2026-08-27T05:25:18.023Z ::1 POST /api/auth/login 200 25ms
2026-08-27T05:25:18.196Z ::1 GET /health 200 2ms
2026-08-28T05:59:32.375Z ::1 POST /api/auth/login 200 29ms
2026-08-28T05:59:32.569Z ::1 GET /health 200 3ms
2026-08-28T06:00:10.736Z ::1 POST /api/auth/login 200 8ms
2026-08-28T06:00:10.901Z ::1 GET /health 200 1ms
2026-08-28T06:02:06.568Z ::1 POST /api/auth/login 200 7ms
2026-08-28T06:02:06.745Z ::1 GET /health 200 1ms
2026-08-28T06:02:23.793Z ::1 POST /api/auth/login 200 5ms
2026-08-28T06:02:23.959Z ::1 GET /health 200 1ms
2026-08-28T06:08:08.285Z ::1 POST /api/auth/login 200 5ms
2026-08-28T06:08:08.465Z ::1 GET /health 200 1ms
2026-08-28T06:09:34.694Z ::1 POST /api/auth/login 200 4ms
2026-08-28T06:09:34.851Z ::1 GET /health 200 0ms
2026-08-28T06:10:20.658Z ::1 GET /health 200 1ms
2026-08-28T06:10:20.839Z ::1 GET /health 200 1ms
2026-08-28T06:10:20.842Z ::1 GET /health 200 1ms
2026-08-28T06:10:38.714Z ::1 POST /api/auth/login 200 7ms
2026-08-28T06:10:38.927Z ::1 GET /health 200 2ms
2026-08-28T06:10:38.953Z ::1 GET /health 200 1ms
2026-08-28T06:10:55.810Z ::1 GET /health 200 0ms
2026-08-28T06:10:55.834Z ::1 GET /health 200 0ms
2026-08-28T06:13:08.162Z ::1 POST /api/auth/login 200 2ms
2026-08-28T06:13:08.381Z ::1 GET /health 200 2ms
2026-08-28T06:13:52.624Z ::1 POST /api/auth/login 200 4ms
2026-08-28T06:13:52.810Z ::1 GET /health 200 1ms
2026-08-28T06:13:52.814Z ::1 GET /health 200 1ms
2026-08-28T06:14:56.220Z ::1 GET /health 200 0ms
2026-08-28T06:14:56.283Z ::1 GET /health 200 0ms
2026-08-28T06:14:56.532Z ::1 GET /health 200 1ms
2026-08-28T06:14:56.753Z ::1 GET /health 200 1ms
2026-08-28T06:14:56.910Z ::1 GET /health 200 1ms
2026-08-28T06:14:57.150Z ::1 GET /health 200 1ms
2026-08-28T06:14:57.415Z ::1 GET /health 200 1ms
2026-08-28T06:14:57.420Z ::1 GET /health 200 0ms
2026-08-28T06:15:10.831Z ::1 POST /api/auth/login 200 6ms
2026-08-28T06:15:11.061Z ::1 GET /health 200 1ms
2026-08-28T06:15:11.067Z ::1 GET /health 200 2ms
2026-08-28T06:30:39.037Z ::1 GET /health 200 1ms
2026-08-28T06:31:40.299Z ::1 GET /health 200 1ms
2026-08-28T06:48:50.807Z ::1 GET /health 200 9ms
2026-08-28T06:48:51.019Z ::1 GET /health 200 2ms
2026-08-28T06:48:51.193Z ::1 GET /health 200 2ms
2026-08-30T10:27:31.103Z ::1 POST /api/auth/login 200 41ms
2026-08-30T10:27:31.351Z ::1 GET /health 200 6ms
2026-08-30T10:27:31.620Z ::1 GET /health 200 1ms
2026-08-30T10:27:31.828Z ::1 GET /health 200 1ms
